// Jest Snapshot v1, https://goo.gl/fbAQLP

exports[`AmPmSwitcher should render analog clock 1`] = `
Array [
  <View
    pointerEvents="none"
    style={
      Array [
        Object {
          "alignItems": "center",
          "borderRadius": 25,
          "height": 50,
          "justifyContent": "center",
          "marginLeft": -25,
          "marginTop": -25,
          "position": "absolute",
          "width": 50,
          "zIndex": 20,
        },
        Object {
          "left": 108,
          "top": 22,
        },
      ]
    }
  >
    <View
      style={
        Object {
          "borderRadius": 25,
        }
      }
    >
      <Text
        selectable={false}
        style={
          Array [
            Object {
              "color": "#000000",
              "fontFamily": "System",
              "fontWeight": "400",
            },
            Object {
              "textAlign": "left",
            },
            null,
          ]
        }
      >
        00
      </Text>
    </View>
  </View>,
  <View
    pointerEvents="none"
    style={
      Array [
        Object {
          "alignItems": "center",
          "borderRadius": 25,
          "height": 50,
          "justifyContent": "center",
          "marginLeft": -25,
          "marginTop": -25,
          "position": "absolute",
          "width": 50,
          "zIndex": 20,
        },
        Object {
          "left": 151,
          "top": 33,
        },
      ]
    }
  >
    <View
      style={
        Object {
          "borderRadius": 25,
        }
      }
    >
      <Text
        selectable={false}
        style={
          Array [
            Object {
              "color": "#000000",
              "fontFamily": "System",
              "fontWeight": "400",
            },
            Object {
              "textAlign": "left",
            },
            null,
          ]
        }
      >
        5
      </Text>
    </View>
  </View>,
  <View
    pointerEvents="none"
    style={
      Array [
        Object {
          "alignItems": "center",
          "borderRadius": 25,
          "height": 50,
          "justifyContent": "center",
          "marginLeft": -25,
          "marginTop": -25,
          "position": "absolute",
          "width": 50,
          "zIndex": 20,
        },
        Object {
          "left": 182,
          "top": 65,
        },
      ]
    }
  >
    <View
      style={
        Object {
          "borderRadius": 25,
        }
      }
    >
      <Text
        selectable={false}
        style={
          Array [
            Object {
              "color": "#000000",
              "fontFamily": "System",
              "fontWeight": "400",
            },
            Object {
              "textAlign": "left",
            },
            null,
          ]
        }
      >
        10
      </Text>
    </View>
  </View>,
  <View
    pointerEvents="none"
    style={
      Array [
        Object {
          "alignItems": "center",
          "borderRadius": 25,
          "height": 50,
          "justifyContent": "center",
          "marginLeft": -25,
          "marginTop": -25,
          "position": "absolute",
          "width": 50,
          "zIndex": 20,
        },
        Object {
          "left": 194,
          "top": 107,
        },
      ]
    }
  >
    <View
      style={
        Object {
          "borderRadius": 25,
        }
      }
    >
      <Text
        selectable={false}
        style={
          Array [
            Object {
              "color": "#000000",
              "fontFamily": "System",
              "fontWeight": "400",
            },
            Object {
              "textAlign": "left",
            },
            null,
          ]
        }
      >
        15
      </Text>
    </View>
  </View>,
  <View
    pointerEvents="none"
    style={
      Array [
        Object {
          "alignItems": "center",
          "borderRadius": 25,
          "height": 50,
          "justifyContent": "center",
          "marginLeft": -25,
          "marginTop": -25,
          "position": "absolute",
          "width": 50,
          "zIndex": 20,
        },
        Object {
          "left": 182,
          "top": 150,
        },
      ]
    }
  >
    <View
      style={
        Object {
          "borderRadius": 25,
        }
      }
    >
      <Text
        selectable={false}
        style={
          Array [
            Object {
              "color": "#000000",
              "fontFamily": "System",
              "fontWeight": "400",
            },
            Object {
              "textAlign": "left",
            },
            null,
          ]
        }
      >
        20
      </Text>
    </View>
  </View>,
  <View
    pointerEvents="none"
    style={
      Array [
        Object {
          "alignItems": "center",
          "borderRadius": 25,
          "height": 50,
          "justifyContent": "center",
          "marginLeft": -25,
          "marginTop": -25,
          "position": "absolute",
          "width": 50,
          "zIndex": 20,
        },
        Object {
          "left": 151,
          "top": 182,
        },
      ]
    }
  >
    <View
      style={
        Object {
          "borderRadius": 25,
        }
      }
    >
      <Text
        selectable={false}
        style={
          Array [
            Object {
              "color": "#000000",
              "fontFamily": "System",
              "fontWeight": "400",
            },
            Object {
              "textAlign": "left",
            },
            Object {
              "color": "#fff",
            },
          ]
        }
      >
        25
      </Text>
    </View>
  </View>,
  <View
    pointerEvents="none"
    style={
      Array [
        Object {
          "alignItems": "center",
          "borderRadius": 25,
          "height": 50,
          "justifyContent": "center",
          "marginLeft": -25,
          "marginTop": -25,
          "position": "absolute",
          "width": 50,
          "zIndex": 20,
        },
        Object {
          "left": 108,
          "top": 194,
        },
      ]
    }
  >
    <View
      style={
        Object {
          "borderRadius": 25,
        }
      }
    >
      <Text
        selectable={false}
        style={
          Array [
            Object {
              "color": "#000000",
              "fontFamily": "System",
              "fontWeight": "400",
            },
            Object {
              "textAlign": "left",
            },
            null,
          ]
        }
      >
        30
      </Text>
    </View>
  </View>,
  <View
    pointerEvents="none"
    style={
      Array [
        Object {
          "alignItems": "center",
          "borderRadius": 25,
          "height": 50,
          "justifyContent": "center",
          "marginLeft": -25,
          "marginTop": -25,
          "position": "absolute",
          "width": 50,
          "zIndex": 20,
        },
        Object {
          "left": 65,
          "top": 182,
        },
      ]
    }
  >
    <View
      style={
        Object {
          "borderRadius": 25,
        }
      }
    >
      <Text
        selectable={false}
        style={
          Array [
            Object {
              "color": "#000000",
              "fontFamily": "System",
              "fontWeight": "400",
            },
            Object {
              "textAlign": "left",
            },
            null,
          ]
        }
      >
        35
      </Text>
    </View>
  </View>,
  <View
    pointerEvents="none"
    style={
      Array [
        Object {
          "alignItems": "center",
          "borderRadius": 25,
          "height": 50,
          "justifyContent": "center",
          "marginLeft": -25,
          "marginTop": -25,
          "position": "absolute",
          "width": 50,
          "zIndex": 20,
        },
        Object {
          "left": 33,
          "top": 151,
        },
      ]
    }
  >
    <View
      style={
        Object {
          "borderRadius": 25,
        }
      }
    >
      <Text
        selectable={false}
        style={
          Array [
            Object {
              "color": "#000000",
              "fontFamily": "System",
              "fontWeight": "400",
            },
            Object {
              "textAlign": "left",
            },
            null,
          ]
        }
      >
        40
      </Text>
    </View>
  </View>,
  <View
    pointerEvents="none"
    style={
      Array [
        Object {
          "alignItems": "center",
          "borderRadius": 25,
          "height": 50,
          "justifyContent": "center",
          "marginLeft": -25,
          "marginTop": -25,
          "position": "absolute",
          "width": 50,
          "zIndex": 20,
        },
        Object {
          "left": 22,
          "top": 108,
        },
      ]
    }
  >
    <View
      style={
        Object {
          "borderRadius": 25,
        }
      }
    >
      <Text
        selectable={false}
        style={
          Array [
            Object {
              "color": "#000000",
              "fontFamily": "System",
              "fontWeight": "400",
            },
            Object {
              "textAlign": "left",
            },
            null,
          ]
        }
      >
        45
      </Text>
    </View>
  </View>,
  <View
    pointerEvents="none"
    style={
      Array [
        Object {
          "alignItems": "center",
          "borderRadius": 25,
          "height": 50,
          "justifyContent": "center",
          "marginLeft": -25,
          "marginTop": -25,
          "position": "absolute",
          "width": 50,
          "zIndex": 20,
        },
        Object {
          "left": 33,
          "top": 65,
        },
      ]
    }
  >
    <View
      style={
        Object {
          "borderRadius": 25,
        }
      }
    >
      <Text
        selectable={false}
        style={
          Array [
            Object {
              "color": "#000000",
              "fontFamily": "System",
              "fontWeight": "400",
            },
            Object {
              "textAlign": "left",
            },
            null,
          ]
        }
      >
        50
      </Text>
    </View>
  </View>,
  <View
    pointerEvents="none"
    style={
      Array [
        Object {
          "alignItems": "center",
          "borderRadius": 25,
          "height": 50,
          "justifyContent": "center",
          "marginLeft": -25,
          "marginTop": -25,
          "position": "absolute",
          "width": 50,
          "zIndex": 20,
        },
        Object {
          "left": 64,
          "top": 33,
        },
      ]
    }
  >
    <View
      style={
        Object {
          "borderRadius": 25,
        }
      }
    >
      <Text
        selectable={false}
        style={
          Array [
            Object {
              "color": "#000000",
              "fontFamily": "System",
              "fontWeight": "400",
            },
            Object {
              "textAlign": "left",
            },
            null,
          ]
        }
      >
        55
      </Text>
    </View>
  </View>,
]
`;
